// Jest Snapshot v1, https://goo.gl/fbAQLP

exports[`when the user opens the browser renders App component in initial state 1`] = `
<DocumentFragment>
  <div
    class="App"
  >
    <div
      data-cy="search-control"
      data-testid="search-control"
    >
      <form>
        <div
          class="search"
        >
          <span>
            <label
              id="loan-size"
            >
              Loan Size
            </label>
            <input
              aria-labelledby="loan-size"
              data-cy="loan-size"
              data-testid="loan-size"
              placeholder="450000"
              type="number"
              value="450000"
            />
          </span>
          <span>
            <label
              id="property-type"
            >
              Property Type
            </label>
            <select
              aria-labelledby="property-type"
              data-cy="property-type"
              id="property-type"
            >
              <option
                value="SingleFamily"
              >
                Single Family
              </option>
              <option
                value="Condo"
              >
                Condo
              </option>
              <option
                value="Townhouse"
              >
                Townhouse
              </option>
              <option
                value="MultiFamily"
              >
                Multi Family
              </option>
            </select>
          </span>
        </div>
        <br />
        <div
          class="search"
        >
          <span>
            <label
              id="credit-score"
            >
               Credit Score
            </label>
            <input
              aria-labelledby="credit-score"
              data-cy="credit-score"
              data-testid="credit-score"
              placeholder="680"
              type="number"
              value="680"
            />
          </span>
          <span>
            <label
              id="occupancy"
            >
              Occupancy
            </label>
            <select
              aria-labelledby="occupancy"
              data-cy="occupancy"
            >
              <option
                value="Primary"
              >
                Primary Residence
              </option>
              <option
                value="Secondary"
              >
                Secondary Residence
              </option>
              <option
                value="Investment"
              >
                Investment
              </option>
            </select>
          </span>
        </div>
        <button
          class="quote-button"
          data-cy="quote-button"
        >
          Quote Rates
        </button>
      </form>
    </div>
    <div
      data-cy="quote-table"
      data-testid="quote-table"
    >
      <div
        class="center-loader"
        data-cy="loader"
        data-testid="loader"
      >
        <h1>
           Press the button to see your rates!
        </h1>
        <div
          aria-busy="true"
          class=""
        >
          <svg
            aria-label="audio-loading"
            height="80"
            viewBox="0 0 38 38"
            width="80"
            xmlns="http://www.w3.org/2000/svg"
          >
            <defs>
              <lineargradient
                id="a"
                x1="8.042%"
                x2="65.682%"
                y1="0%"
                y2="23.865%"
              >
                <stop
                  offset="0%"
                  stop-color="#265b5f"
                  stop-opacity="0"
                />
                <stop
                  offset="63.146%"
                  stop-color="#265b5f"
                  stop-opacity=".631"
                />
                <stop
                  offset="100%"
                  stop-color="#265b5f"
                />
              </lineargradient>
            </defs>
            <g
              fill="none"
              fill-rule="evenodd"
            >
              <g
                transform="translate(1 1)"
              >
                <path
                  d="M36 18c0-9.94-8.06-18-18-18"
                  id="Oval-2"
                  stroke="#265b5f"
                  stroke-width="2"
                >
                  <animatetransform
                    attributeName="transform"
                    dur="0.9s"
                    from="0 18 18"
                    repeatCount="indefinite"
                    to="360 18 18"
                    type="rotate"
                  />
                </path>
                <circle
                  cx="36"
                  cy="18"
                  fill="#fff"
                  r="1"
                >
                  <animatetransform
                    attributeName="transform"
                    dur="0.9s"
                    from="0 18 18"
                    repeatCount="indefinite"
                    to="360 18 18"
                    type="rotate"
                  />
                </circle>
              </g>
            </g>
          </svg>
        </div>
      </div>
    </div>
  </div>
</DocumentFragment>
`;
